Component: ARM Compiler 5.06 update 5 (build 528) Tool: armlink [4d35e2]

==============================================================================

Section Cross References

    stm32f10x_vector.o(RESET) refers to stm32f10x_vector.o(STACK) for __initial_sp
    stm32f10x_vector.o(RESET) refers to stm32f10x_vector.o(.text) for Reset_Handler
    stm32f10x_vector.o(RESET) refers to stm32f10x_it.o(.text) for NMIException
    stm32f10x_vector.o(.text) refers to entry.o(.ARM.Collect$$$$00000000) for __main
    stm32f10x_gpio.o(.text) refers to stm32f10x_rcc.o(.text) for RCC_APB2PeriphResetCmd
    stm32f10x_rcc.o(.text) refers to stm32f10x_rcc.o(.data) for HSEStatus
    stm32f10x_rcc.o(.text) refers to stm32f10x_rcc.o(.constdata) for APBAHBPrescTable
    stm32f10x_adc.o(.text) refers to stm32f10x_rcc.o(.text) for RCC_APB2PeriphResetCmd
    stm32f10x_bkp.o(.text) refers to stm32f10x_rcc.o(.text) for RCC_BackupResetCmd
    stm32f10x_can.o(.text) refers to stm32f10x_rcc.o(.text) for RCC_APB1PeriphResetCmd
    stm32f10x_dac.o(.text) refers to stm32f10x_rcc.o(.text) for RCC_APB1PeriphResetCmd
    stm32f10x_i2c.o(.text) refers to stm32f10x_rcc.o(.text) for RCC_APB1PeriphResetCmd
    stm32f10x_nvic.o(.text) refers to cortexm3_macro.o(.text) for __SETPRIMASK
    stm32f10x_pwr.o(.text) refers to stm32f10x_rcc.o(.text) for RCC_APB1PeriphResetCmd
    stm32f10x_pwr.o(.text) refers to cortexm3_macro.o(.text) for __WFI
    stm32f10x_spi.o(.text) refers to stm32f10x_rcc.o(.text) for RCC_APB2PeriphResetCmd
    stm32f10x_tim.o(.text) refers to stm32f10x_rcc.o(.text) for RCC_APB2PeriphResetCmd
    stm32f10x_tim1.o(.text) refers to stm32f10x_rcc.o(.text) for RCC_APB2PeriphResetCmd
    stm32f10x_usart.o(.text) refers to stm32f10x_rcc.o(.text) for RCC_APB2PeriphResetCmd
    stm32f10x_wwdg.o(.text) refers to stm32f10x_rcc.o(.text) for RCC_APB1PeriphResetCmd
    main.o(.text) refers to stm32f10x_gpio.o(.text) for GPIO_Init
    main.o(.text) refers to stm32f10x_rcc.o(.text) for RCC_DeInit
    main.o(.text) refers to stm32f10x_flash.o(.text) for FLASH_PrefetchBufferCmd
    main.o(.text) refers to stm32f10x_usart.o(.text) for USART_Init
    entry.o(.ARM.Collect$$$$00000000) refers (Special) to entry10a.o(.ARM.Collect$$$$0000000D) for __rt_final_cpp
    entry.o(.ARM.Collect$$$$00000000) refers (Special) to entry11a.o(.ARM.Collect$$$$0000000F) for __rt_final_exit
    entry.o(.ARM.Collect$$$$00000000) refers (Special) to entry7b.o(.ARM.Collect$$$$00000008) for _main_clock
    entry.o(.ARM.Collect$$$$00000000) refers (Special) to entry8b.o(.ARM.Collect$$$$0000000A) for _main_cpp_init
    entry.o(.ARM.Collect$$$$00000000) refers (Special) to entry9a.o(.ARM.Collect$$$$0000000B) for _main_init
    entry.o(.ARM.Collect$$$$00000000) refers (Special) to entry5.o(.ARM.Collect$$$$00000004) for _main_scatterload
    entry.o(.ARM.Collect$$$$00000000) refers (Special) to entry2.o(.ARM.Collect$$$$00000001) for _main_stk
    entry2.o(.ARM.Collect$$$$00000001) refers to entry2.o(.ARM.Collect$$$$00002712) for __lit__00000000
    entry2.o(.ARM.Collect$$$$00002712) refers to stm32f10x_vector.o(STACK) for __initial_sp
    entry2.o(__vectab_stack_and_reset_area) refers to stm32f10x_vector.o(STACK) for __initial_sp
    entry2.o(__vectab_stack_and_reset_area) refers to entry.o(.ARM.Collect$$$$00000000) for __main
    entry5.o(.ARM.Collect$$$$00000004) refers to init.o(.text) for __scatterload
    entry9a.o(.ARM.Collect$$$$0000000B) refers to main.o(.text) for main
    entry9b.o(.ARM.Collect$$$$0000000C) refers to main.o(.text) for main
    init.o(.text) refers to entry5.o(.ARM.Collect$$$$00000004) for __main_after_scatterload


==============================================================================

Removing Unused input sections from the image.

    Removing cortexm3_macro.o(.text), (122 bytes).
    Removing stm32f10x_vector.o(HEAP), (1024 bytes).
    Removing stm32f10x_adc.o(.text), (1072 bytes).
    Removing stm32f10x_bkp.o(.text), (172 bytes).
    Removing stm32f10x_can.o(.text), (2100 bytes).
    Removing stm32f10x_crc.o(.text), (72 bytes).
    Removing stm32f10x_dac.o(.text), (348 bytes).
    Removing stm32f10x_dbgmcu.o(.text), (48 bytes).
    Removing stm32f10x_dma.o(.text), (576 bytes).
    Removing stm32f10x_exti.o(.text), (320 bytes).
    Removing stm32f10x_fsmc.o(.text), (1564 bytes).
    Removing stm32f10x_i2c.o(.text), (1058 bytes).
    Removing stm32f10x_iwdg.o(.text), (64 bytes).
    Removing stm32f10x_nvic.o(.text), (984 bytes).
    Removing stm32f10x_pwr.o(.text), (196 bytes).
    Removing stm32f10x_rtc.o(.text), (328 bytes).
    Removing stm32f10x_sdio.o(.text), (456 bytes).
    Removing stm32f10x_spi.o(.text), (824 bytes).
    Removing stm32f10x_systick.o(.text), (194 bytes).
    Removing stm32f10x_tim.o(.text), (2992 bytes).
    Removing stm32f10x_tim1.o(.text), (2408 bytes).
    Removing stm32f10x_wwdg.o(.text), (124 bytes).
    Removing stm32f10x_it_1.o(.rev16_text), (4 bytes).
    Removing stm32f10x_it_1.o(.revsh_text), (4 bytes).
    Removing stm32f10x_it_1.o(.text), (26 bytes).

25 unused section(s) (total 17080 bytes) removed from the image.

==============================================================================

Image Symbol Table

    Local Symbols

    Symbol Name                              Value     Ov Type        Size  Object(Section)

    ../clib/microlib/init/entry.s            0x00000000   Number         0  entry2.o ABSOLUTE
    ../clib/microlib/init/entry.s            0x00000000   Number         0  entry8b.o ABSOLUTE
    ../clib/microlib/init/entry.s            0x00000000   Number         0  entry8a.o ABSOLUTE
    ../clib/microlib/init/entry.s            0x00000000   Number         0  entry10b.o ABSOLUTE
    ../clib/microlib/init/entry.s            0x00000000   Number         0  entry7b.o ABSOLUTE
    ../clib/microlib/init/entry.s            0x00000000   Number         0  entry7a.o ABSOLUTE
    ../clib/microlib/init/entry.s            0x00000000   Number         0  entry5.o ABSOLUTE
    ../clib/microlib/init/entry.s            0x00000000   Number         0  entry11b.o ABSOLUTE
    ../clib/microlib/init/entry.s            0x00000000   Number         0  entry11a.o ABSOLUTE
    ../clib/microlib/init/entry.s            0x00000000   Number         0  entry10a.o ABSOLUTE
    ../clib/microlib/init/entry.s            0x00000000   Number         0  entry9a.o ABSOLUTE
    ../clib/microlib/init/entry.s            0x00000000   Number         0  entry9b.o ABSOLUTE
    ../clib/microlib/init/entry.s            0x00000000   Number         0  entry.o ABSOLUTE
    User\\stm32f10x_it.c                     0x00000000   Number         0  stm32f10x_it_1.o ABSOLUTE
    User\main.c                              0x00000000   Number         0  main.o ABSOLUTE
    User\stm32f10x_it.c                      0x00000000   Number         0  stm32f10x_it_1.o ABSOLUTE
    dc.s                                     0x00000000   Number         0  dc.o ABSOLUTE
    handlers.s                               0x00000000   Number         0  handlers.o ABSOLUTE
    init.s                                   0x00000000   Number         0  init.o ABSOLUTE
    lib\src\stm32f10x_adc.c                  0x00000000   Number         0  stm32f10x_adc.o ABSOLUTE
    lib\src\stm32f10x_bkp.c                  0x00000000   Number         0  stm32f10x_bkp.o ABSOLUTE
    lib\src\stm32f10x_can.c                  0x00000000   Number         0  stm32f10x_can.o ABSOLUTE
    lib\src\stm32f10x_crc.c                  0x00000000   Number         0  stm32f10x_crc.o ABSOLUTE
    lib\src\stm32f10x_dac.c                  0x00000000   Number         0  stm32f10x_dac.o ABSOLUTE
    lib\src\stm32f10x_dbgmcu.c               0x00000000   Number         0  stm32f10x_dbgmcu.o ABSOLUTE
    lib\src\stm32f10x_dma.c                  0x00000000   Number         0  stm32f10x_dma.o ABSOLUTE
    lib\src\stm32f10x_exti.c                 0x00000000   Number         0  stm32f10x_exti.o ABSOLUTE
    lib\src\stm32f10x_flash.c                0x00000000   Number         0  stm32f10x_flash.o ABSOLUTE
    lib\src\stm32f10x_fsmc.c                 0x00000000   Number         0  stm32f10x_fsmc.o ABSOLUTE
    lib\src\stm32f10x_gpio.c                 0x00000000   Number         0  stm32f10x_gpio.o ABSOLUTE
    lib\src\stm32f10x_i2c.c                  0x00000000   Number         0  stm32f10x_i2c.o ABSOLUTE
    lib\src\stm32f10x_it.c                   0x00000000   Number         0  stm32f10x_it.o ABSOLUTE
    lib\src\stm32f10x_iwdg.c                 0x00000000   Number         0  stm32f10x_iwdg.o ABSOLUTE
    lib\src\stm32f10x_lib.c                  0x00000000   Number         0  stm32f10x_lib.o ABSOLUTE
    lib\src\stm32f10x_nvic.c                 0x00000000   Number         0  stm32f10x_nvic.o ABSOLUTE
    lib\src\stm32f10x_pwr.c                  0x00000000   Number         0  stm32f10x_pwr.o ABSOLUTE
    lib\src\stm32f10x_rcc.c                  0x00000000   Number         0  stm32f10x_rcc.o ABSOLUTE
    lib\src\stm32f10x_rtc.c                  0x00000000   Number         0  stm32f10x_rtc.o ABSOLUTE
    lib\src\stm32f10x_sdio.c                 0x00000000   Number         0  stm32f10x_sdio.o ABSOLUTE
    lib\src\stm32f10x_spi.c                  0x00000000   Number         0  stm32f10x_spi.o ABSOLUTE
    lib\src\stm32f10x_systick.c              0x00000000   Number         0  stm32f10x_systick.o ABSOLUTE
    lib\src\stm32f10x_tim.c                  0x00000000   Number         0  stm32f10x_tim.o ABSOLUTE
    lib\src\stm32f10x_tim1.c                 0x00000000   Number         0  stm32f10x_tim1.o ABSOLUTE
    lib\src\stm32f10x_usart.c                0x00000000   Number         0  stm32f10x_usart.o ABSOLUTE
    lib\src\stm32f10x_wwdg.c                 0x00000000   Number         0  stm32f10x_wwdg.o ABSOLUTE
    start\cortexm3_macro.s                   0x00000000   Number         0  cortexm3_macro.o ABSOLUTE
    start\stm32f10x_vector.s                 0x00000000   Number         0  stm32f10x_vector.o ABSOLUTE
    RESET                                    0x20000000   Section      304  stm32f10x_vector.o(RESET)
    .ARM.Collect$$$$00000000                 0x20000130   Section        0  entry.o(.ARM.Collect$$$$00000000)
    .ARM.Collect$$$$00000001                 0x20000130   Section        4  entry2.o(.ARM.Collect$$$$00000001)
    .ARM.Collect$$$$00000004                 0x20000134   Section        4  entry5.o(.ARM.Collect$$$$00000004)
    .ARM.Collect$$$$00000008                 0x20000138   Section        0  entry7b.o(.ARM.Collect$$$$00000008)
    .ARM.Collect$$$$0000000A                 0x20000138   Section        0  entry8b.o(.ARM.Collect$$$$0000000A)
    .ARM.Collect$$$$0000000B                 0x20000138   Section        8  entry9a.o(.ARM.Collect$$$$0000000B)
    .ARM.Collect$$$$0000000D                 0x20000140   Section        0  entry10a.o(.ARM.Collect$$$$0000000D)
    .ARM.Collect$$$$0000000F                 0x20000140   Section        0  entry11a.o(.ARM.Collect$$$$0000000F)
    .ARM.Collect$$$$00002712                 0x20000140   Section        4  entry2.o(.ARM.Collect$$$$00002712)
    __lit__00000000                          0x20000140   Data           4  entry2.o(.ARM.Collect$$$$00002712)
    .text                                    0x20000144   Section        8  stm32f10x_vector.o(.text)
    .text                                    0x2000014c   Section        0  stm32f10x_gpio.o(.text)
    .text                                    0x20000478   Section        0  stm32f10x_rcc.o(.text)
    .text                                    0x20000828   Section        0  stm32f10x_flash.o(.text)
    delay                                    0x200008b5   Thumb Code    26  stm32f10x_flash.o(.text)
    .text                                    0x20000d58   Section        0  stm32f10x_it.o(.text)
    .text                                    0x20000dec   Section        0  stm32f10x_usart.o(.text)
    .text                                    0x2000115c   Section        0  main.o(.text)
    .text                                    0x2000130c   Section       36  init.o(.text)
    i.__scatterload_copy                     0x20001330   Section       14  handlers.o(i.__scatterload_copy)
    i.__scatterload_null                     0x2000133e   Section        2  handlers.o(i.__scatterload_null)
    i.__scatterload_zeroinit                 0x20001340   Section       14  handlers.o(i.__scatterload_zeroinit)
    .constdata                               0x2000134e   Section       20  stm32f10x_rcc.o(.constdata)
    APBAHBPrescTable                         0x2000134e   Data          16  stm32f10x_rcc.o(.constdata)
    ADCPrescTable                            0x2000135e   Data           4  stm32f10x_rcc.o(.constdata)
    .data                                    0x2000a000   Section        8  stm32f10x_rcc.o(.data)
    HSEStatus                                0x2000a000   Data           1  stm32f10x_rcc.o(.data)
    StartUpCounter                           0x2000a004   Data           4  stm32f10x_rcc.o(.data)
    STACK                                    0x2000a008   Section     1024  stm32f10x_vector.o(STACK)

    Global Symbols

    Symbol Name                              Value     Ov Type        Size  Object(Section)

    BuildAttributes$$THM_ISAv4$P$D$K$B$S$PE$A:L22UL41UL21$X:L11$S22US41US21$IEEE1$IW$USESV6$~STKCKD$USESV7$~SHL$OSPACE$EBA8$MICROLIB$REQ8$PRES8$EABIv2 0x00000000   Number         0  anon$$obj.o ABSOLUTE
    __ARM_use_no_argv                        0x00000000   Number         0  main.o ABSOLUTE
    __cpp_initialize__aeabi_                  - Undefined Weak Reference
    __cxa_finalize                            - Undefined Weak Reference
    __decompress                              - Undefined Weak Reference
    _clock_init                               - Undefined Weak Reference
    _microlib_exit                            - Undefined Weak Reference
    __Vectors                                0x20000000   Data           4  stm32f10x_vector.o(RESET)
    __main                                   0x20000131   Thumb Code     0  entry.o(.ARM.Collect$$$$00000000)
    _main_stk                                0x20000131   Thumb Code     0  entry2.o(.ARM.Collect$$$$00000001)
    _main_scatterload                        0x20000135   Thumb Code     0  entry5.o(.ARM.Collect$$$$00000004)
    __main_after_scatterload                 0x20000139   Thumb Code     0  entry5.o(.ARM.Collect$$$$00000004)
    _main_clock                              0x20000139   Thumb Code     0  entry7b.o(.ARM.Collect$$$$00000008)
    _main_cpp_init                           0x20000139   Thumb Code     0  entry8b.o(.ARM.Collect$$$$0000000A)
    _main_init                               0x20000139   Thumb Code     0  entry9a.o(.ARM.Collect$$$$0000000B)
    __rt_final_cpp                           0x20000141   Thumb Code     0  entry10a.o(.ARM.Collect$$$$0000000D)
    __rt_final_exit                          0x20000141   Thumb Code     0  entry11a.o(.ARM.Collect$$$$0000000F)
    Reset_Handler                            0x20000145   Thumb Code     4  stm32f10x_vector.o(.text)
    GPIO_DeInit                              0x2000014d   Thumb Code   188  stm32f10x_gpio.o(.text)
    GPIO_AFIODeInit                          0x20000209   Thumb Code    20  stm32f10x_gpio.o(.text)
    GPIO_Init                                0x2000021d   Thumb Code   276  stm32f10x_gpio.o(.text)
    GPIO_StructInit                          0x20000331   Thumb Code    16  stm32f10x_gpio.o(.text)
    GPIO_ReadInputDataBit                    0x20000341   Thumb Code    18  stm32f10x_gpio.o(.text)
    GPIO_ReadInputData                       0x20000353   Thumb Code     8  stm32f10x_gpio.o(.text)
    GPIO_ReadOutputDataBit                   0x2000035b   Thumb Code    18  stm32f10x_gpio.o(.text)
    GPIO_ReadOutputData                      0x2000036d   Thumb Code     8  stm32f10x_gpio.o(.text)
    GPIO_SetBits                             0x20000375   Thumb Code     4  stm32f10x_gpio.o(.text)
    GPIO_ResetBits                           0x20000379   Thumb Code     4  stm32f10x_gpio.o(.text)
    GPIO_WriteBit                            0x2000037d   Thumb Code    10  stm32f10x_gpio.o(.text)
    GPIO_Write                               0x20000387   Thumb Code     4  stm32f10x_gpio.o(.text)
    GPIO_PinLockConfig                       0x2000038b   Thumb Code    18  stm32f10x_gpio.o(.text)
    GPIO_EventOutputConfig                   0x2000039d   Thumb Code    26  stm32f10x_gpio.o(.text)
    GPIO_EventOutputCmd                      0x200003b7   Thumb Code     6  stm32f10x_gpio.o(.text)
    GPIO_PinRemapConfig                      0x200003bd   Thumb Code   106  stm32f10x_gpio.o(.text)
    GPIO_EXTILineConfig                      0x20000427   Thumb Code    66  stm32f10x_gpio.o(.text)
    RCC_DeInit                               0x20000479   Thumb Code    62  stm32f10x_rcc.o(.text)
    RCC_HSEConfig                            0x200004b7   Thumb Code    70  stm32f10x_rcc.o(.text)
    RCC_GetFlagStatus                        0x200004fd   Thumb Code    56  stm32f10x_rcc.o(.text)
    RCC_WaitForHSEStartUp                    0x20000535   Thumb Code    62  stm32f10x_rcc.o(.text)
    RCC_AdjustHSICalibrationValue            0x20000573   Thumb Code    20  stm32f10x_rcc.o(.text)
    RCC_HSICmd                               0x20000587   Thumb Code     6  stm32f10x_rcc.o(.text)
    RCC_PLLConfig                            0x2000058d   Thumb Code    24  stm32f10x_rcc.o(.text)
    RCC_PLLCmd                               0x200005a5   Thumb Code     6  stm32f10x_rcc.o(.text)
    RCC_SYSCLKConfig                         0x200005ab   Thumb Code    18  stm32f10x_rcc.o(.text)
    RCC_GetSYSCLKSource                      0x200005bd   Thumb Code    10  stm32f10x_rcc.o(.text)
    RCC_HCLKConfig                           0x200005c7   Thumb Code    18  stm32f10x_rcc.o(.text)
    RCC_PCLK1Config                          0x200005d9   Thumb Code    18  stm32f10x_rcc.o(.text)
    RCC_PCLK2Config                          0x200005eb   Thumb Code    20  stm32f10x_rcc.o(.text)
    RCC_ITConfig                             0x200005ff   Thumb Code    26  stm32f10x_rcc.o(.text)
    RCC_USBCLKConfig                         0x20000619   Thumb Code     8  stm32f10x_rcc.o(.text)
    RCC_ADCCLKConfig                         0x20000621   Thumb Code    18  stm32f10x_rcc.o(.text)
    RCC_LSEConfig                            0x20000633   Thumb Code    50  stm32f10x_rcc.o(.text)
    RCC_LSICmd                               0x20000665   Thumb Code     6  stm32f10x_rcc.o(.text)
    RCC_RTCCLKConfig                         0x2000066b   Thumb Code    12  stm32f10x_rcc.o(.text)
    RCC_RTCCLKCmd                            0x20000677   Thumb Code     8  stm32f10x_rcc.o(.text)
    RCC_GetClocksFreq                        0x2000067f   Thumb Code   192  stm32f10x_rcc.o(.text)
    RCC_AHBPeriphClockCmd                    0x2000073f   Thumb Code    26  stm32f10x_rcc.o(.text)
    RCC_APB2PeriphClockCmd                   0x20000759   Thumb Code    26  stm32f10x_rcc.o(.text)
    RCC_APB1PeriphClockCmd                   0x20000773   Thumb Code    26  stm32f10x_rcc.o(.text)
    RCC_APB2PeriphResetCmd                   0x2000078d   Thumb Code    26  stm32f10x_rcc.o(.text)
    RCC_APB1PeriphResetCmd                   0x200007a7   Thumb Code    26  stm32f10x_rcc.o(.text)
    RCC_BackupResetCmd                       0x200007c1   Thumb Code     8  stm32f10x_rcc.o(.text)
    RCC_ClockSecuritySystemCmd               0x200007c9   Thumb Code     6  stm32f10x_rcc.o(.text)
    RCC_MCOConfig                            0x200007cf   Thumb Code     6  stm32f10x_rcc.o(.text)
    RCC_ClearFlag                            0x200007d5   Thumb Code    14  stm32f10x_rcc.o(.text)
    RCC_GetITStatus                          0x200007e3   Thumb Code    20  stm32f10x_rcc.o(.text)
    RCC_ClearITPendingBit                    0x200007f7   Thumb Code     6  stm32f10x_rcc.o(.text)
    FLASH_SetLatency                         0x20000829   Thumb Code    22  stm32f10x_flash.o(.text)
    FLASH_HalfCycleAccessCmd                 0x2000083f   Thumb Code    22  stm32f10x_flash.o(.text)
    FLASH_PrefetchBufferCmd                  0x20000855   Thumb Code    22  stm32f10x_flash.o(.text)
    FLASH_Unlock                             0x2000086b   Thumb Code    12  stm32f10x_flash.o(.text)
    FLASH_Lock                               0x20000877   Thumb Code    14  stm32f10x_flash.o(.text)
    FLASH_GetStatus                          0x20000885   Thumb Code    48  stm32f10x_flash.o(.text)
    FLASH_WaitForLastOperation               0x200008cf   Thumb Code    42  stm32f10x_flash.o(.text)
    FLASH_ErasePage                          0x200008f9   Thumb Code    76  stm32f10x_flash.o(.text)
    FLASH_EraseAllPages                      0x20000945   Thumb Code    72  stm32f10x_flash.o(.text)
    FLASH_EraseOptionBytes                   0x2000098d   Thumb Code   142  stm32f10x_flash.o(.text)
    FLASH_ProgramWord                        0x20000a1b   Thumb Code   100  stm32f10x_flash.o(.text)
    FLASH_ProgramHalfWord                    0x20000a7f   Thumb Code    64  stm32f10x_flash.o(.text)
    FLASH_ProgramOptionByteData              0x20000abf   Thumb Code    72  stm32f10x_flash.o(.text)
    FLASH_EnableWriteProtection              0x20000b07   Thumb Code   182  stm32f10x_flash.o(.text)
    FLASH_ReadOutProtection                  0x20000bbd   Thumb Code   174  stm32f10x_flash.o(.text)
    FLASH_UserOptionByteConfig               0x20000c6b   Thumb Code    94  stm32f10x_flash.o(.text)
    FLASH_GetUserOptionByte                  0x20000cc9   Thumb Code     8  stm32f10x_flash.o(.text)
    FLASH_GetWriteProtectionOptionByte       0x20000cd1   Thumb Code     6  stm32f10x_flash.o(.text)
    FLASH_GetReadOutProtectionStatus         0x20000cd7   Thumb Code    20  stm32f10x_flash.o(.text)
    FLASH_GetPrefetchBufferStatus            0x20000ceb   Thumb Code    20  stm32f10x_flash.o(.text)
    FLASH_ITConfig                           0x20000cff   Thumb Code    26  stm32f10x_flash.o(.text)
    FLASH_GetFlagStatus                      0x20000d19   Thumb Code    42  stm32f10x_flash.o(.text)
    FLASH_ClearFlag                          0x20000d43   Thumb Code     6  stm32f10x_flash.o(.text)
    NMIException                             0x20000d59   Thumb Code     2  stm32f10x_it.o(.text)
    HardFaultException                       0x20000d5b   Thumb Code     4  stm32f10x_it.o(.text)
    MemManageException                       0x20000d5f   Thumb Code     4  stm32f10x_it.o(.text)
    BusFaultException                        0x20000d63   Thumb Code     4  stm32f10x_it.o(.text)
    UsageFaultException                      0x20000d67   Thumb Code     4  stm32f10x_it.o(.text)
    DebugMonitor                             0x20000d6b   Thumb Code     2  stm32f10x_it.o(.text)
    SVCHandler                               0x20000d6d   Thumb Code     2  stm32f10x_it.o(.text)
    PendSVC                                  0x20000d6f   Thumb Code     2  stm32f10x_it.o(.text)
    SysTickHandler                           0x20000d71   Thumb Code     2  stm32f10x_it.o(.text)
    WWDG_IRQHandler                          0x20000d73   Thumb Code     2  stm32f10x_it.o(.text)
    PVD_IRQHandler                           0x20000d75   Thumb Code     2  stm32f10x_it.o(.text)
    TAMPER_IRQHandler                        0x20000d77   Thumb Code     2  stm32f10x_it.o(.text)
    RTC_IRQHandler                           0x20000d79   Thumb Code     2  stm32f10x_it.o(.text)
    FLASH_IRQHandler                         0x20000d7b   Thumb Code     2  stm32f10x_it.o(.text)
    RCC_IRQHandler                           0x20000d7d   Thumb Code     2  stm32f10x_it.o(.text)
    EXTI0_IRQHandler                         0x20000d7f   Thumb Code     2  stm32f10x_it.o(.text)
    EXTI1_IRQHandler                         0x20000d81   Thumb Code     2  stm32f10x_it.o(.text)
    EXTI2_IRQHandler                         0x20000d83   Thumb Code     2  stm32f10x_it.o(.text)
    EXTI3_IRQHandler                         0x20000d85   Thumb Code     2  stm32f10x_it.o(.text)
    EXTI4_IRQHandler                         0x20000d87   Thumb Code     2  stm32f10x_it.o(.text)
    DMA1_Channel1_IRQHandler                 0x20000d89   Thumb Code     2  stm32f10x_it.o(.text)
    DMA1_Channel2_IRQHandler                 0x20000d8b   Thumb Code     2  stm32f10x_it.o(.text)
    DMA1_Channel3_IRQHandler                 0x20000d8d   Thumb Code     2  stm32f10x_it.o(.text)
    DMA1_Channel4_IRQHandler                 0x20000d8f   Thumb Code     2  stm32f10x_it.o(.text)
    DMA1_Channel5_IRQHandler                 0x20000d91   Thumb Code     2  stm32f10x_it.o(.text)
    DMA1_Channel6_IRQHandler                 0x20000d93   Thumb Code     2  stm32f10x_it.o(.text)
    DMA1_Channel7_IRQHandler                 0x20000d95   Thumb Code     2  stm32f10x_it.o(.text)
    ADC1_2_IRQHandler                        0x20000d97   Thumb Code     2  stm32f10x_it.o(.text)
    USB_HP_CAN_TX_IRQHandler                 0x20000d99   Thumb Code     2  stm32f10x_it.o(.text)
    USB_LP_CAN_RX0_IRQHandler                0x20000d9b   Thumb Code     2  stm32f10x_it.o(.text)
    CAN_RX1_IRQHandler                       0x20000d9d   Thumb Code     2  stm32f10x_it.o(.text)
    CAN_SCE_IRQHandler                       0x20000d9f   Thumb Code     2  stm32f10x_it.o(.text)
    EXTI9_5_IRQHandler                       0x20000da1   Thumb Code     2  stm32f10x_it.o(.text)
    TIM1_BRK_IRQHandler                      0x20000da3   Thumb Code     2  stm32f10x_it.o(.text)
    TIM1_UP_IRQHandler                       0x20000da5   Thumb Code     2  stm32f10x_it.o(.text)
    TIM1_TRG_COM_IRQHandler                  0x20000da7   Thumb Code     2  stm32f10x_it.o(.text)
    TIM1_CC_IRQHandler                       0x20000da9   Thumb Code     2  stm32f10x_it.o(.text)
    TIM2_IRQHandler                          0x20000dab   Thumb Code     2  stm32f10x_it.o(.text)
    TIM3_IRQHandler                          0x20000dad   Thumb Code     2  stm32f10x_it.o(.text)
    TIM4_IRQHandler                          0x20000daf   Thumb Code     2  stm32f10x_it.o(.text)
    I2C1_EV_IRQHandler                       0x20000db1   Thumb Code     2  stm32f10x_it.o(.text)
    I2C1_ER_IRQHandler                       0x20000db3   Thumb Code     2  stm32f10x_it.o(.text)
    I2C2_EV_IRQHandler                       0x20000db5   Thumb Code     2  stm32f10x_it.o(.text)
    I2C2_ER_IRQHandler                       0x20000db7   Thumb Code     2  stm32f10x_it.o(.text)
    SPI1_IRQHandler                          0x20000db9   Thumb Code     2  stm32f10x_it.o(.text)
    SPI2_IRQHandler                          0x20000dbb   Thumb Code     2  stm32f10x_it.o(.text)
    USART1_IRQHandler                        0x20000dbd   Thumb Code     2  stm32f10x_it.o(.text)
    USART2_IRQHandler                        0x20000dbf   Thumb Code     2  stm32f10x_it.o(.text)
    USART3_IRQHandler                        0x20000dc1   Thumb Code     2  stm32f10x_it.o(.text)
    EXTI15_10_IRQHandler                     0x20000dc3   Thumb Code     2  stm32f10x_it.o(.text)
    RTCAlarm_IRQHandler                      0x20000dc5   Thumb Code     2  stm32f10x_it.o(.text)
    USBWakeUp_IRQHandler                     0x20000dc7   Thumb Code     2  stm32f10x_it.o(.text)
    TIM8_BRK_IRQHandler                      0x20000dc9   Thumb Code     2  stm32f10x_it.o(.text)
    TIM8_UP_IRQHandler                       0x20000dcb   Thumb Code     2  stm32f10x_it.o(.text)
    TIM8_TRG_COM_IRQHandler                  0x20000dcd   Thumb Code     2  stm32f10x_it.o(.text)
    TIM8_CC_IRQHandler                       0x20000dcf   Thumb Code     2  stm32f10x_it.o(.text)
    ADC3_IRQHandler                          0x20000dd1   Thumb Code     2  stm32f10x_it.o(.text)
    FSMC_IRQHandler                          0x20000dd3   Thumb Code     2  stm32f10x_it.o(.text)
    SDIO_IRQHandler                          0x20000dd5   Thumb Code     2  stm32f10x_it.o(.text)
    TIM5_IRQHandler                          0x20000dd7   Thumb Code     2  stm32f10x_it.o(.text)
    SPI3_IRQHandler                          0x20000dd9   Thumb Code     2  stm32f10x_it.o(.text)
    UART4_IRQHandler                         0x20000ddb   Thumb Code     2  stm32f10x_it.o(.text)
    UART5_IRQHandler                         0x20000ddd   Thumb Code     2  stm32f10x_it.o(.text)
    TIM6_IRQHandler                          0x20000ddf   Thumb Code     2  stm32f10x_it.o(.text)
    TIM7_IRQHandler                          0x20000de1   Thumb Code     2  stm32f10x_it.o(.text)
    DMA2_Channel1_IRQHandler                 0x20000de3   Thumb Code     2  stm32f10x_it.o(.text)
    DMA2_Channel2_IRQHandler                 0x20000de5   Thumb Code     2  stm32f10x_it.o(.text)
    DMA2_Channel3_IRQHandler                 0x20000de7   Thumb Code     2  stm32f10x_it.o(.text)
    DMA2_Channel4_5_IRQHandler               0x20000de9   Thumb Code     2  stm32f10x_it.o(.text)
    USART_DeInit                             0x20000ded   Thumb Code   146  stm32f10x_usart.o(.text)
    USART_Init                               0x20000e7f   Thumb Code   150  stm32f10x_usart.o(.text)
    USART_StructInit                         0x20000f15   Thumb Code    24  stm32f10x_usart.o(.text)
    USART_ClockInit                          0x20000f2d   Thumb Code    34  stm32f10x_usart.o(.text)
    USART_ClockStructInit                    0x20000f4f   Thumb Code    12  stm32f10x_usart.o(.text)
    USART_Cmd                                0x20000f5b   Thumb Code    24  stm32f10x_usart.o(.text)
    USART_ITConfig                           0x20000f73   Thumb Code    64  stm32f10x_usart.o(.text)
    USART_DMACmd                             0x20000fb3   Thumb Code    18  stm32f10x_usart.o(.text)
    USART_SetAddress                         0x20000fc5   Thumb Code    18  stm32f10x_usart.o(.text)
    USART_WakeUpConfig                       0x20000fd7   Thumb Code    18  stm32f10x_usart.o(.text)
    USART_ReceiverWakeUpCmd                  0x20000fe9   Thumb Code    24  stm32f10x_usart.o(.text)
    USART_LINBreakDetectLengthConfig         0x20001001   Thumb Code    18  stm32f10x_usart.o(.text)
    USART_LINCmd                             0x20001013   Thumb Code    24  stm32f10x_usart.o(.text)
    USART_SendData                           0x2000102b   Thumb Code     8  stm32f10x_usart.o(.text)
    USART_ReceiveData                        0x20001033   Thumb Code    10  stm32f10x_usart.o(.text)
    USART_SendBreak                          0x2000103d   Thumb Code    10  stm32f10x_usart.o(.text)
    USART_SetGuardTime                       0x20001047   Thumb Code    16  stm32f10x_usart.o(.text)
    USART_SetPrescaler                       0x20001057   Thumb Code    16  stm32f10x_usart.o(.text)
    USART_SmartCardCmd                       0x20001067   Thumb Code    24  stm32f10x_usart.o(.text)
    USART_SmartCardNACKCmd                   0x2000107f   Thumb Code    24  stm32f10x_usart.o(.text)
    USART_HalfDuplexCmd                      0x20001097   Thumb Code    24  stm32f10x_usart.o(.text)
    USART_IrDAConfig                         0x200010af   Thumb Code    18  stm32f10x_usart.o(.text)
    USART_IrDACmd                            0x200010c1   Thumb Code    24  stm32f10x_usart.o(.text)
    USART_GetFlagStatus                      0x200010d9   Thumb Code    18  stm32f10x_usart.o(.text)
    USART_ClearFlag                          0x200010eb   Thumb Code     6  stm32f10x_usart.o(.text)
    USART_GetITStatus                        0x200010f1   Thumb Code    76  stm32f10x_usart.o(.text)
    USART_ClearITPendingBit                  0x2000113d   Thumb Code    20  stm32f10x_usart.o(.text)
    Delay_MS                                 0x2000115d   Thumb Code    28  main.o(.text)
    GPIO_Configuration                       0x20001179   Thumb Code    84  main.o(.text)
    RCC_Configuration                        0x200011cd   Thumb Code   130  main.o(.text)
    main                                     0x2000124f   Thumb Code   124  main.o(.text)
    USART3_Configuration                     0x200012cb   Thumb Code    52  main.o(.text)
    __scatterload                            0x2000130d   Thumb Code    28  init.o(.text)
    __scatterload_rt2                        0x2000130d   Thumb Code     0  init.o(.text)
    __scatterload_copy                       0x20001331   Thumb Code    14  handlers.o(i.__scatterload_copy)
    __scatterload_null                       0x2000133f   Thumb Code     2  handlers.o(i.__scatterload_null)
    __scatterload_zeroinit                   0x20001341   Thumb Code    14  handlers.o(i.__scatterload_zeroinit)
    Region$$Table$$Base                      0x20001364   Number         0  anon$$obj.o(Region$$Table)
    Region$$Table$$Limit                     0x20001384   Number         0  anon$$obj.o(Region$$Table)
    __initial_sp                             0x2000a408   Data           0  stm32f10x_vector.o(STACK)



==============================================================================

Memory Map of the image

  Image Entry point : 0x20000131

  Load Region LR_IROM1 (Base: 0x20000000, Size: 0x0000138c, Max: 0x0000a000, ABSOLUTE)

    Execution Region ER_IROM1 (Base: 0x20000000, Size: 0x00001384, Max: 0x0000a000, ABSOLUTE)

    Base Addr    Size         Type   Attr      Idx    E Section Name        Object

    0x20000000   0x00000130   Data   RO            8    RESET               stm32f10x_vector.o
    0x20000130   0x00000000   Code   RO          475  * .ARM.Collect$$$$00000000  mc_w.l(entry.o)
    0x20000130   0x00000004   Code   RO          478    .ARM.Collect$$$$00000001  mc_w.l(entry2.o)
    0x20000134   0x00000004   Code   RO          481    .ARM.Collect$$$$00000004  mc_w.l(entry5.o)
    0x20000138   0x00000000   Code   RO          483    .ARM.Collect$$$$00000008  mc_w.l(entry7b.o)
    0x20000138   0x00000000   Code   RO          485    .ARM.Collect$$$$0000000A  mc_w.l(entry8b.o)
    0x20000138   0x00000008   Code   RO          486    .ARM.Collect$$$$0000000B  mc_w.l(entry9a.o)
    0x20000140   0x00000000   Code   RO          488    .ARM.Collect$$$$0000000D  mc_w.l(entry10a.o)
    0x20000140   0x00000000   Code   RO          490    .ARM.Collect$$$$0000000F  mc_w.l(entry11a.o)
    0x20000140   0x00000004   Code   RO          479    .ARM.Collect$$$$00002712  mc_w.l(entry2.o)
    0x20000144   0x00000008   Code   RO            9    .text               stm32f10x_vector.o
    0x2000014c   0x0000032c   Code   RO           13    .text               stm32f10x_gpio.o
    0x20000478   0x000003b0   Code   RO           44    .text               stm32f10x_rcc.o
    0x20000828   0x00000530   Code   RO          179    .text               stm32f10x_flash.o
    0x20000d58   0x00000092   Code   RO          224    .text               stm32f10x_it.o
    0x20000dea   0x00000002   PAD
    0x20000dec   0x00000370   Code   RO          392    .text               stm32f10x_usart.o
    0x2000115c   0x000001b0   Code   RO          416    .text               main.o
    0x2000130c   0x00000024   Code   RO          492    .text               mc_w.l(init.o)
    0x20001330   0x0000000e   Code   RO          496    i.__scatterload_copy  mc_w.l(handlers.o)
    0x2000133e   0x00000002   Code   RO          497    i.__scatterload_null  mc_w.l(handlers.o)
    0x20001340   0x0000000e   Code   RO          498    i.__scatterload_zeroinit  mc_w.l(handlers.o)
    0x2000134e   0x00000014   Data   RO           45    .constdata          stm32f10x_rcc.o
    0x20001362   0x00000002   PAD
    0x20001364   0x00000020   Data   RO          494    Region$$Table       anon$$obj.o


    Execution Region RW_IRAM1 (Base: 0x2000a000, Size: 0x00000408, Max: 0x00002000, ABSOLUTE)

    Base Addr    Size         Type   Attr      Idx    E Section Name        Object

    0x2000a000   0x00000008   Data   RW           46    .data               stm32f10x_rcc.o
    0x2000a008   0x00000400   Zero   RW            6    STACK               stm32f10x_vector.o


==============================================================================

Image component sizes


      Code (inc. data)   RO Data    RW Data    ZI Data      Debug   Object Name

         0          0          0          0          0         32   cortexm3_macro.o
       432         14          0          0          0       1290   main.o
      1328         34          0          0          0      11226   stm32f10x_flash.o
       812         16          0          0          0      35955   stm32f10x_gpio.o
       146          0          0          0          0      13612   stm32f10x_it.o
       944         44         20          8          0       8656   stm32f10x_rcc.o
       880         12          0          0          0       7635   stm32f10x_usart.o
         8          4        304          0       1024        328   stm32f10x_vector.o

    ----------------------------------------------------------------------
      4552        124        358          8       1024      78734   Object Totals
         0          0         32          0          0          0   (incl. Generated)
         2          0          2          0          0          0   (incl. Padding)

    ----------------------------------------------------------------------

      Code (inc. data)   RO Data    RW Data    ZI Data      Debug   Library Member Name

         0          0          0          0          0          0   entry.o
         0          0          0          0          0          0   entry10a.o
         0          0          0          0          0          0   entry11a.o
         8          4          0          0          0          0   entry2.o
         4          0          0          0          0          0   entry5.o
         0          0          0          0          0          0   entry7b.o
         0          0          0          0          0          0   entry8b.o
         8          4          0          0          0          0   entry9a.o
        30          0          0          0          0          0   handlers.o
        36          8          0          0          0         68   init.o

    ----------------------------------------------------------------------
        86         16          0          0          0         68   Library Totals
         0          0          0          0          0          0   (incl. Padding)

    ----------------------------------------------------------------------

      Code (inc. data)   RO Data    RW Data    ZI Data      Debug   Library Name

        86         16          0          0          0         68   mc_w.l

    ----------------------------------------------------------------------
        86         16          0          0          0         68   Library Totals

    ----------------------------------------------------------------------

==============================================================================


      Code (inc. data)   RO Data    RW Data    ZI Data      Debug   

      4638        140        358          8       1024      78382   Grand Totals
      4638        140        358          8       1024      78382   ELF Image Totals
      4638        140        358          8          0          0   ROM Totals

==============================================================================

    Total RO  Size (Code + RO Data)                 4996 (   4.88kB)
    Total RW  Size (RW Data + ZI Data)              1032 (   1.01kB)
    Total ROM Size (Code + RO Data + RW Data)       5004 (   4.89kB)

==============================================================================

